data/preproc_0000.jpg
data/preproc_0001.jpg
data/preproc_0002.jpg
data/preproc_0003.jpg
data/preproc_0004.jpg
data/preproc_0005.jpg
data/preproc_0006.jpg
data/preproc_0007.jpg
data/preproc_0008.jpg
data/preproc_0009.jpg
data/preproc_0010.jpg
data/preproc_0011.jpg
data/preproc_0012.jpg
data/preproc_0013.jpg
data/preproc_0014.jpg
data/preproc_0015.jpg
data/preproc_0016.jpg
data/preproc_0017.jpg
data/preproc_0018.jpg
data/preproc_0019.jpg
data/preproc_0020.jpg
data/preproc_0021.jpg
data/preproc_0022.jpg
data/preproc_0023.jpg
data/preproc_0024.jpg
data/preproc_0025.jpg
data/preproc_0026.jpg
data/preproc_0027.jpg
data/preproc_0028.jpg
data/preproc_0029.jpg
data/preproc_0030.jpg
data/preproc_0031.jpg
data/preproc_0032.jpg
data/preproc_0033.jpg
data/preproc_0034.jpg
data/preproc_0035.jpg
data/preproc_0036.jpg
data/preproc_0037.jpg
data/preproc_0038.jpg
data/preproc_0039.jpg
data/preproc_0040.jpg
data/preproc_0041.jpg
data/preproc_0042.jpg
data/preproc_0043.jpg
data/preproc_0044.jpg
data/preproc_0045.jpg
data/preproc_0046.jpg
data/preproc_0047.jpg
data/preproc_0048.jpg
data/preproc_0049.jpg
data/preproc_0050.jpg
data/preproc_0051.jpg
data/preproc_0052.jpg
data/preproc_0053.jpg
data/preproc_0054.jpg
data/preproc_0055.jpg
data/preproc_0056.jpg
data/preproc_0057.jpg
data/preproc_0058.jpg
data/preproc_0059.jpg
data/preproc_0060.jpg
data/preproc_0061.jpg
data/preproc_0062.jpg
data/preproc_0063.jpg
data/preproc_0064.jpg
data/preproc_0065.jpg
data/preproc_0066.jpg
data/preproc_0067.jpg
data/preproc_0068.jpg
data/preproc_0069.jpg
data/preproc_0070.jpg
data/preproc_0071.jpg
data/preproc_0072.jpg
data/preproc_0073.jpg
data/preproc_0074.jpg
data/preproc_0075.jpg
data/preproc_0076.jpg
data/preproc_0077.jpg
data/preproc_0078.jpg
data/preproc_0079.jpg
data/preproc_0080.jpg
data/preproc_0081.jpg
data/preproc_0082.jpg
data/preproc_0083.jpg
data/preproc_0084.jpg
data/preproc_0085.jpg
data/preproc_0086.jpg
data/preproc_0087.jpg
data/preproc_0088.jpg
data/preproc_0089.jpg
data/preproc_0090.jpg
data/preproc_0091.jpg
data/preproc_0092.jpg
data/preproc_0093.jpg
data/preproc_0094.jpg
data/preproc_0095.jpg
data/preproc_0096.jpg
data/preproc_0097.jpg
data/preproc_0098.jpg
data/preproc_0099.jpg
data/preproc_0100.jpg
data/preproc_0101.jpg
data/preproc_0102.jpg
data/preproc_0103.jpg
data/preproc_0104.jpg
data/preproc_0105.jpg
data/preproc_0106.jpg
data/preproc_0107.jpg
data/preproc_0108.jpg
data/preproc_0109.jpg
data/preproc_0110.jpg
data/preproc_0111.jpg
data/preproc_0112.jpg
data/preproc_0113.jpg
data/preproc_0114.jpg
data/preproc_0115.jpg
data/preproc_0116.jpg
data/preproc_0117.jpg
data/preproc_0118.jpg
data/preproc_0119.jpg
data/preproc_0120.jpg
data/preproc_0121.jpg
data/preproc_0122.jpg
data/preproc_0123.jpg
data/preproc_0124.jpg
data/preproc_0125.jpg
data/preproc_0126.jpg
data/preproc_0127.jpg
data/preproc_0128.jpg
data/preproc_0129.jpg
data/preproc_0130.jpg
data/preproc_0131.jpg
data/preproc_0132.jpg
data/preproc_0133.jpg
data/preproc_0134.jpg
data/preproc_0135.jpg
data/preproc_0136.jpg
data/preproc_0137.jpg
data/preproc_0138.jpg
data/preproc_0139.jpg
data/preproc_0140.jpg
data/preproc_0141.jpg
data/preproc_0142.jpg
data/preproc_0143.jpg
data/preproc_0144.jpg
data/preproc_0145.jpg
data/preproc_0146.jpg
data/preproc_0147.jpg
data/preproc_0148.jpg
data/preproc_0149.jpg
data/preproc_0150.jpg
data/preproc_0151.jpg
data/preproc_0152.jpg
data/preproc_0153.jpg
data/preproc_0154.jpg
data/preproc_0155.jpg
data/preproc_0156.jpg
data/preproc_0157.jpg
data/preproc_0158.jpg
data/preproc_0159.jpg
data/preproc_0160.jpg
data/preproc_0161.jpg
data/preproc_0162.jpg
data/preproc_0163.jpg
data/preproc_0164.jpg
data/preproc_0165.jpg
data/preproc_0166.jpg
data/preproc_0167.jpg
data/preproc_0168.jpg
data/preproc_0169.jpg
data/preproc_0170.jpg
data/preproc_0171.jpg
data/preproc_0172.jpg
data/preproc_0173.jpg
data/preproc_0174.jpg
data/preproc_0175.jpg
data/preproc_0176.jpg
data/preproc_0177.jpg
data/preproc_0178.jpg
data/preproc_0179.jpg
data/preproc_0180.jpg
data/preproc_0181.jpg
data/preproc_0182.jpg
data/preproc_0183.jpg
data/preproc_0184.jpg
data/preproc_0185.jpg
data/preproc_0186.jpg
data/preproc_0187.jpg
data/preproc_0188.jpg
data/preproc_0189.jpg
data/preproc_0190.jpg
data/preproc_0191.jpg
data/preproc_0192.jpg
data/preproc_0193.jpg
data/preproc_0194.jpg
data/preproc_0195.jpg
data/preproc_0196.jpg
data/preproc_0197.jpg
data/preproc_0198.jpg
data/preproc_0199.jpg
data/preproc_0200.jpg
data/preproc_0201.jpg
data/preproc_0202.jpg
data/preproc_0203.jpg
data/preproc_0204.jpg
data/preproc_0205.jpg
data/preproc_0206.jpg
data/preproc_0207.jpg
data/preproc_0208.jpg
data/preproc_0209.jpg
data/preproc_0210.jpg
data/preproc_0211.jpg
data/preproc_0212.jpg
data/preproc_0213.jpg
data/preproc_0214.jpg
data/preproc_0215.jpg
data/preproc_0216.jpg
data/preproc_0217.jpg
data/preproc_0218.jpg
data/preproc_0219.jpg
data/preproc_0220.jpg
data/preproc_0221.jpg
data/preproc_0222.jpg
data/preproc_0223.jpg
data/preproc_0224.jpg
data/preproc_0225.jpg
data/preproc_0226.jpg
data/preproc_0227.jpg
data/preproc_0228.jpg
data/preproc_0229.jpg
data/preproc_0230.jpg
data/preproc_0231.jpg
data/preproc_0232.jpg
data/preproc_0233.jpg
data/preproc_0234.jpg
data/preproc_0235.jpg
data/preproc_0236.jpg
data/preproc_0237.jpg
data/preproc_0238.jpg
data/preproc_0239.jpg
data/preproc_0240.jpg
data/preproc_0241.jpg
data/preproc_0242.jpg
data/preproc_0243.jpg
data/preproc_0244.jpg
data/preproc_0245.jpg
data/preproc_0246.jpg
data/preproc_0247.jpg
data/preproc_0248.jpg
data/preproc_0249.jpg
data/preproc_0250.jpg
data/preproc_0251.jpg
data/preproc_0252.jpg
data/preproc_0253.jpg
data/preproc_0254.jpg
data/preproc_0255.jpg
data/preproc_0256.jpg
data/preproc_0257.jpg
data/preproc_0258.jpg
data/preproc_0259.jpg
data/preproc_0260.jpg
data/preproc_0261.jpg
data/preproc_0262.jpg
data/preproc_0263.jpg
data/preproc_0264.jpg
data/preproc_0265.jpg
data/preproc_0266.jpg
data/preproc_0267.jpg
data/preproc_0268.jpg
data/preproc_0269.jpg
data/preproc_0270.jpg
data/preproc_0271.jpg
data/preproc_0272.jpg
data/preproc_0273.jpg
data/preproc_0274.jpg
data/preproc_0275.jpg
data/preproc_0276.jpg
data/preproc_0277.jpg
data/preproc_0278.jpg
data/preproc_0279.jpg
data/preproc_0280.jpg
data/preproc_0281.jpg
data/preproc_0282.jpg
data/preproc_0283.jpg
data/preproc_0284.jpg
data/preproc_0285.jpg
data/preproc_0286.jpg
data/preproc_0287.jpg
data/preproc_0288.jpg
data/preproc_0289.jpg
data/preproc_0290.jpg
data/preproc_0291.jpg
data/preproc_0292.jpg
data/preproc_0293.jpg
data/preproc_0294.jpg
data/preproc_0295.jpg
data/preproc_0296.jpg
data/preproc_0297.jpg
data/preproc_0298.jpg
data/preproc_0299.jpg
data/preproc_0300.jpg
data/preproc_0301.jpg
data/preproc_0302.jpg
data/preproc_0303.jpg
data/preproc_0304.jpg
data/preproc_0305.jpg
data/preproc_0306.jpg
data/preproc_0307.jpg
data/preproc_0308.jpg
data/preproc_0309.jpg
data/preproc_0310.jpg
data/preproc_0311.jpg
data/preproc_0312.jpg
data/preproc_0313.jpg
data/preproc_0314.jpg
data/preproc_0315.jpg
data/preproc_0316.jpg
data/preproc_0317.jpg
data/preproc_0318.jpg
data/preproc_0319.jpg
data/preproc_0320.jpg
data/preproc_0321.jpg
data/preproc_0322.jpg
data/preproc_0323.jpg
data/preproc_0324.jpg
data/preproc_0325.jpg
data/preproc_0326.jpg
data/preproc_0327.jpg
data/preproc_0328.jpg
data/preproc_0329.jpg
data/preproc_0330.jpg
data/preproc_0331.jpg
data/preproc_0332.jpg
data/preproc_0333.jpg
data/preproc_0334.jpg
data/preproc_0335.jpg
data/preproc_0336.jpg
data/preproc_0337.jpg
data/preproc_0338.jpg
data/preproc_0339.jpg
data/preproc_0340.jpg
data/preproc_0341.jpg
data/preproc_0342.jpg
data/preproc_0343.jpg
data/preproc_0344.jpg
data/preproc_0345.jpg
data/preproc_0346.jpg
data/preproc_0347.jpg
data/preproc_0348.jpg
data/preproc_0349.jpg
data/preproc_0350.jpg
data/preproc_0351.jpg
data/preproc_0352.jpg
data/preproc_0353.jpg
data/preproc_0354.jpg
data/preproc_0355.jpg
data/preproc_0356.jpg
data/preproc_0357.jpg
data/preproc_0358.jpg
data/preproc_0359.jpg
data/preproc_0360.jpg
data/preproc_0361.jpg
data/preproc_0362.jpg
data/preproc_0363.jpg
data/preproc_0364.jpg
data/preproc_0365.jpg
data/preproc_0366.jpg
data/preproc_0367.jpg
data/preproc_0368.jpg
data/preproc_0369.jpg
data/preproc_0370.jpg
data/preproc_0371.jpg
data/preproc_0372.jpg
data/preproc_0373.jpg
data/preproc_0374.jpg
data/preproc_0375.jpg
data/preproc_0376.jpg
data/preproc_0377.jpg
data/preproc_0378.jpg
data/preproc_0379.jpg
data/preproc_0380.jpg
data/preproc_0381.jpg
data/preproc_0382.jpg
data/preproc_0383.jpg
data/preproc_0384.jpg
data/preproc_0385.jpg
data/preproc_0386.jpg
data/preproc_0387.jpg
data/preproc_0388.jpg
data/preproc_0389.jpg
data/preproc_0390.jpg
data/preproc_0391.jpg
data/preproc_0392.jpg
data/preproc_0393.jpg
data/preproc_0394.jpg
data/preproc_0395.jpg
data/preproc_0396.jpg
data/preproc_0397.jpg
data/preproc_0398.jpg
data/preproc_0399.jpg
data/preproc_0400.jpg
data/preproc_0401.jpg
data/preproc_0402.jpg
data/preproc_0403.jpg
data/preproc_0404.jpg
data/preproc_0405.jpg
data/preproc_0406.jpg
data/preproc_0407.jpg
data/preproc_0408.jpg
data/preproc_0409.jpg
data/preproc_0410.jpg
data/preproc_0411.jpg
data/preproc_0412.jpg
data/preproc_0413.jpg
data/preproc_0414.jpg
data/preproc_0415.jpg
data/preproc_0416.jpg
data/preproc_0417.jpg
data/preproc_0418.jpg
data/preproc_0419.jpg
data/preproc_0420.jpg
data/preproc_0421.jpg
data/preproc_0422.jpg
data/preproc_0423.jpg
data/preproc_0424.jpg
data/preproc_0425.jpg
data/preproc_0426.jpg
data/preproc_0427.jpg
data/preproc_0428.jpg
data/preproc_0429.jpg
data/preproc_0430.jpg
data/preproc_0431.jpg
data/preproc_0432.jpg
data/preproc_0433.jpg
data/preproc_0434.jpg
data/preproc_0435.jpg
data/preproc_0436.jpg
data/preproc_0437.jpg
data/preproc_0438.jpg
data/preproc_0439.jpg
data/preproc_0440.jpg
data/preproc_0441.jpg
data/preproc_0442.jpg
data/preproc_0443.jpg
data/preproc_0444.jpg
data/preproc_0445.jpg
data/preproc_0446.jpg
data/preproc_0447.jpg
data/preproc_0448.jpg
data/preproc_0449.jpg
data/preproc_0450.jpg
data/preproc_0451.jpg
data/preproc_0452.jpg
data/preproc_0453.jpg
data/preproc_0454.jpg
data/preproc_0455.jpg
data/preproc_0456.jpg
data/preproc_0457.jpg
data/preproc_0458.jpg
data/preproc_0459.jpg
data/preproc_0460.jpg
data/preproc_0461.jpg
data/preproc_0462.jpg
data/preproc_0463.jpg
data/preproc_0464.jpg
data/preproc_0465.jpg
data/preproc_0466.jpg
data/preproc_0467.jpg
data/preproc_0468.jpg
data/preproc_0469.jpg
data/preproc_0470.jpg
data/preproc_0471.jpg
data/preproc_0472.jpg
data/preproc_0473.jpg
data/preproc_0474.jpg
data/preproc_0475.jpg
data/preproc_0476.jpg
data/preproc_0477.jpg
data/preproc_0478.jpg
data/preproc_0479.jpg
data/preproc_0480.jpg
data/preproc_0481.jpg
data/preproc_0482.jpg
data/preproc_0483.jpg
data/preproc_0484.jpg
data/preproc_0485.jpg
data/preproc_0486.jpg
data/preproc_0487.jpg
data/preproc_0488.jpg
data/preproc_0489.jpg
data/preproc_0490.jpg
data/preproc_0491.jpg
data/preproc_0492.jpg
data/preproc_0493.jpg
data/preproc_0494.jpg
data/preproc_0495.jpg
data/preproc_0496.jpg
data/preproc_0497.jpg
data/preproc_0498.jpg
data/preproc_0499.jpg
data/preproc_0500.jpg
data/preproc_0501.jpg
data/preproc_0502.jpg
data/preproc_0503.jpg
data/preproc_0504.jpg
data/preproc_0505.jpg
data/preproc_0506.jpg
data/preproc_0507.jpg
data/preproc_0508.jpg
data/preproc_0509.jpg
data/preproc_0510.jpg
data/preproc_0511.jpg
data/preproc_0512.jpg
data/preproc_0513.jpg
data/preproc_0514.jpg
data/preproc_0515.jpg
data/preproc_0516.jpg
data/preproc_0517.jpg
data/preproc_0518.jpg
data/preproc_0519.jpg
data/preproc_0520.jpg
data/preproc_0521.jpg
data/preproc_0522.jpg
data/preproc_0523.jpg
data/preproc_0524.jpg
data/preproc_0525.jpg
data/preproc_0526.jpg
data/preproc_0527.jpg
data/preproc_0528.jpg
data/preproc_0529.jpg
data/preproc_0530.jpg
data/preproc_0531.jpg
data/preproc_0532.jpg
data/preproc_0533.jpg
data/preproc_0534.jpg
data/preproc_0535.jpg
data/preproc_0536.jpg
data/preproc_0537.jpg
data/preproc_0538.jpg
data/preproc_0539.jpg
data/preproc_0540.jpg
data/preproc_0541.jpg
data/preproc_0542.jpg
data/preproc_0543.jpg
data/preproc_0544.jpg
data/preproc_0545.jpg
data/preproc_0546.jpg
data/preproc_0547.jpg
data/preproc_0548.jpg
data/preproc_0549.jpg
data/preproc_0550.jpg
data/preproc_0551.jpg
data/preproc_0552.jpg
data/preproc_0553.jpg
data/preproc_0554.jpg
data/preproc_0555.jpg
data/preproc_0556.jpg
data/preproc_0557.jpg
data/preproc_0558.jpg
data/preproc_0559.jpg
data/preproc_0560.jpg
data/preproc_0561.jpg
data/preproc_0562.jpg
data/preproc_0563.jpg
data/preproc_0564.jpg
data/preproc_0565.jpg
data/preproc_0566.jpg
data/preproc_0567.jpg
data/preproc_0568.jpg
data/preproc_0569.jpg
data/preproc_0570.jpg
data/preproc_0571.jpg
data/preproc_0572.jpg
data/preproc_0573.jpg
data/preproc_0574.jpg
data/preproc_0575.jpg
data/preproc_0576.jpg
data/preproc_0577.jpg
data/preproc_0578.jpg
data/preproc_0579.jpg
data/preproc_0580.jpg
data/preproc_0581.jpg
data/preproc_0582.jpg
data/preproc_0583.jpg
data/preproc_0584.jpg
data/preproc_0585.jpg
data/preproc_0586.jpg
data/preproc_0587.jpg
data/preproc_0588.jpg
data/preproc_0589.jpg
data/preproc_0590.jpg
data/preproc_0591.jpg
data/preproc_0592.jpg
data/preproc_0593.jpg
data/preproc_0594.jpg
data/preproc_0595.jpg
data/preproc_0596.jpg
data/preproc_0597.jpg
data/preproc_0598.jpg
data/preproc_0599.jpg
data/preproc_0600.jpg
data/preproc_0601.jpg
data/preproc_0602.jpg
data/preproc_0603.jpg
data/preproc_0604.jpg
data/preproc_0605.jpg
data/preproc_0606.jpg
data/preproc_0607.jpg
data/preproc_0608.jpg
data/preproc_0609.jpg
data/preproc_0610.jpg
data/preproc_0611.jpg
data/preproc_0612.jpg
data/preproc_0613.jpg
data/preproc_0614.jpg
data/preproc_0615.jpg
data/preproc_0616.jpg
data/preproc_0617.jpg
data/preproc_0618.jpg
data/preproc_0619.jpg
data/preproc_0620.jpg
data/preproc_0621.jpg
data/preproc_0622.jpg
data/preproc_0623.jpg
data/preproc_0624.jpg
data/preproc_0625.jpg
data/preproc_0626.jpg
data/preproc_0627.jpg
data/preproc_0628.jpg
data/preproc_0629.jpg
data/preproc_0630.jpg
data/preproc_0631.jpg
data/preproc_0632.jpg
data/preproc_0633.jpg
data/preproc_0634.jpg
data/preproc_0635.jpg
data/preproc_0636.jpg
data/preproc_0637.jpg
data/preproc_0638.jpg
data/preproc_0639.jpg
data/preproc_0640.jpg
data/preproc_0641.jpg
data/preproc_0642.jpg
data/preproc_0643.jpg
data/preproc_0644.jpg
data/preproc_0645.jpg
data/preproc_0646.jpg
data/preproc_0647.jpg
data/preproc_0648.jpg
data/preproc_0649.jpg
data/preproc_0650.jpg
data/preproc_0651.jpg
data/preproc_0652.jpg
data/preproc_0653.jpg
data/preproc_0654.jpg
data/preproc_0655.jpg
data/preproc_0656.jpg
data/preproc_0657.jpg
data/preproc_0658.jpg
data/preproc_0659.jpg
data/preproc_0660.jpg
data/preproc_0661.jpg
data/preproc_0662.jpg
data/preproc_0663.jpg
data/preproc_0664.jpg
data/preproc_0665.jpg
data/preproc_0666.jpg
data/preproc_0667.jpg
data/preproc_0668.jpg
data/preproc_0669.jpg
data/preproc_0670.jpg
data/preproc_0671.jpg
data/preproc_0672.jpg
data/preproc_0673.jpg
data/preproc_0674.jpg
data/preproc_0675.jpg
data/preproc_0676.jpg
data/preproc_0677.jpg
data/preproc_0678.jpg
data/preproc_0679.jpg
data/preproc_0680.jpg
data/preproc_0681.jpg
data/preproc_0682.jpg
data/preproc_0683.jpg
data/preproc_0684.jpg
data/preproc_0685.jpg
data/preproc_0686.jpg
data/preproc_0687.jpg
data/preproc_0688.jpg
data/preproc_0689.jpg
data/preproc_0690.jpg
data/preproc_0691.jpg
data/preproc_0692.jpg
data/preproc_0693.jpg
data/preproc_0694.jpg
data/preproc_0695.jpg
data/preproc_0696.jpg
data/preproc_0697.jpg
data/preproc_0698.jpg
data/preproc_0699.jpg
data/preproc_0700.jpg
data/preproc_0701.jpg
data/preproc_0702.jpg
data/preproc_0703.jpg
data/preproc_0704.jpg
data/preproc_0705.jpg
data/preproc_0706.jpg
data/preproc_0707.jpg
data/preproc_0708.jpg
data/preproc_0709.jpg
data/preproc_0710.jpg
data/preproc_0711.jpg
data/preproc_0712.jpg
data/preproc_0713.jpg
data/preproc_0714.jpg
data/preproc_0715.jpg
data/preproc_0716.jpg
data/preproc_0717.jpg
data/preproc_0718.jpg
data/preproc_0719.jpg
data/preproc_0720.jpg
data/preproc_0721.jpg
data/preproc_0722.jpg
data/preproc_0723.jpg
data/preproc_0724.jpg
data/preproc_0725.jpg
data/preproc_0726.jpg
data/preproc_0727.jpg
data/preproc_0728.jpg
data/preproc_0729.jpg
data/preproc_0730.jpg
data/preproc_0731.jpg
data/preproc_0732.jpg
data/preproc_0733.jpg
data/preproc_0734.jpg
data/preproc_0735.jpg
data/preproc_0736.jpg
data/preproc_0737.jpg
data/preproc_0738.jpg
data/preproc_0739.jpg
data/preproc_0740.jpg
data/preproc_0741.jpg
data/preproc_0742.jpg
data/preproc_0743.jpg
data/preproc_0744.jpg
data/preproc_0745.jpg
data/preproc_0746.jpg
data/preproc_0747.jpg
data/preproc_0748.jpg
data/preproc_0749.jpg
data/preproc_0750.jpg
data/preproc_0751.jpg
data/preproc_0752.jpg
data/preproc_0753.jpg
data/preproc_0754.jpg
data/preproc_0755.jpg
data/preproc_0756.jpg
data/preproc_0757.jpg
data/preproc_0758.jpg
data/preproc_0759.jpg
data/preproc_0760.jpg
data/preproc_0761.jpg
data/preproc_0762.jpg
data/preproc_0763.jpg
data/preproc_0764.jpg
data/preproc_0765.jpg
data/preproc_0766.jpg
data/preproc_0767.jpg
data/preproc_0768.jpg
data/preproc_0769.jpg
data/preproc_0770.jpg
data/preproc_0771.jpg
data/preproc_0772.jpg
data/preproc_0773.jpg
data/preproc_0774.jpg
data/preproc_0775.jpg
data/preproc_0776.jpg
data/preproc_0777.jpg
data/preproc_0778.jpg
data/preproc_0779.jpg
data/preproc_0780.jpg
data/preproc_0781.jpg
data/preproc_0782.jpg
data/preproc_0783.jpg
data/preproc_0784.jpg
data/preproc_0785.jpg
data/preproc_0786.jpg
data/preproc_0787.jpg
data/preproc_0788.jpg
data/preproc_0789.jpg
data/preproc_0790.jpg
data/preproc_0791.jpg
data/preproc_0792.jpg
data/preproc_0793.jpg
data/preproc_0794.jpg
data/preproc_0795.jpg
data/preproc_0796.jpg
data/preproc_0797.jpg
data/preproc_0798.jpg
data/preproc_0799.jpg
data/preproc_0800.jpg
data/preproc_0801.jpg
data/preproc_0802.jpg
data/preproc_0803.jpg
data/preproc_0804.jpg
data/preproc_0805.jpg
data/preproc_0806.jpg
data/preproc_0807.jpg
data/preproc_0808.jpg
data/preproc_0809.jpg
data/preproc_0810.jpg
data/preproc_0811.jpg
data/preproc_0812.jpg
data/preproc_0813.jpg
data/preproc_0814.jpg
data/preproc_0815.jpg
data/preproc_0816.jpg
data/preproc_0817.jpg
data/preproc_0818.jpg
data/preproc_0819.jpg
data/preproc_0820.jpg
data/preproc_0821.jpg
data/preproc_0822.jpg
data/preproc_0823.jpg
data/preproc_0824.jpg
data/preproc_0825.jpg
data/preproc_0826.jpg
data/preproc_0827.jpg
data/preproc_0828.jpg
data/preproc_0829.jpg
data/preproc_0830.jpg
data/preproc_0831.jpg
data/preproc_0832.jpg
data/preproc_0833.jpg
data/preproc_0834.jpg
data/preproc_0835.jpg
data/preproc_0836.jpg
data/preproc_0837.jpg
data/preproc_0838.jpg
data/preproc_0839.jpg
data/preproc_0840.jpg
data/preproc_0841.jpg
data/preproc_0842.jpg
data/preproc_0843.jpg
data/preproc_0844.jpg
data/preproc_0845.jpg
data/preproc_0846.jpg
data/preproc_0847.jpg
data/preproc_0848.jpg
data/preproc_0849.jpg
data/preproc_0850.jpg
data/preproc_0851.jpg
data/preproc_0852.jpg
data/preproc_0853.jpg
data/preproc_0854.jpg
data/preproc_0855.jpg
data/preproc_0856.jpg
data/preproc_0857.jpg
data/preproc_0858.jpg
data/preproc_0859.jpg
data/preproc_0860.jpg
data/preproc_0861.jpg
data/preproc_0862.jpg
data/preproc_0863.jpg
data/preproc_0864.jpg
data/preproc_0865.jpg
data/preproc_0866.jpg
data/preproc_0867.jpg
data/preproc_0868.jpg
data/preproc_0869.jpg
data/preproc_0870.jpg
data/preproc_0871.jpg
data/preproc_0872.jpg
data/preproc_0873.jpg
data/preproc_0874.jpg
data/preproc_0875.jpg
data/preproc_0876.jpg
data/preproc_0877.jpg
data/preproc_0878.jpg
data/preproc_0879.jpg
data/preproc_0880.jpg
data/preproc_0881.jpg
data/preproc_0882.jpg
data/preproc_0883.jpg
data/preproc_0884.jpg
data/preproc_0885.jpg
data/preproc_0886.jpg
data/preproc_0887.jpg
data/preproc_0888.jpg
data/preproc_0889.jpg
data/preproc_0890.jpg
data/preproc_0891.jpg
data/preproc_0892.jpg
data/preproc_0893.jpg
data/preproc_0894.jpg
data/preproc_0895.jpg
data/preproc_0896.jpg
data/preproc_0897.jpg
data/preproc_0898.jpg
data/preproc_0899.jpg
data/preproc_0900.jpg
data/preproc_0901.jpg
data/preproc_0902.jpg
data/preproc_0903.jpg
data/preproc_0904.jpg
data/preproc_0905.jpg
data/preproc_0906.jpg
data/preproc_0907.jpg
data/preproc_0908.jpg
data/preproc_0909.jpg
data/preproc_0910.jpg
data/preproc_0911.jpg
data/preproc_0912.jpg
data/preproc_0913.jpg
data/preproc_0914.jpg
data/preproc_0915.jpg
data/preproc_0916.jpg
data/preproc_0917.jpg
data/preproc_0918.jpg
data/preproc_0919.jpg
data/preproc_0920.jpg
data/preproc_0921.jpg
data/preproc_0922.jpg
data/preproc_0923.jpg
data/preproc_0924.jpg
data/preproc_0925.jpg
data/preproc_0926.jpg
data/preproc_0927.jpg
data/preproc_0928.jpg
data/preproc_0929.jpg
data/preproc_0930.jpg
data/preproc_0931.jpg
data/preproc_0932.jpg
data/preproc_0933.jpg
data/preproc_0934.jpg
data/preproc_0935.jpg
data/preproc_0936.jpg
data/preproc_0937.jpg
data/preproc_0938.jpg
data/preproc_0939.jpg
data/preproc_0940.jpg
data/preproc_0941.jpg
data/preproc_0942.jpg
data/preproc_0943.jpg
data/preproc_0944.jpg
data/preproc_0945.jpg
data/preproc_0946.jpg
data/preproc_0947.jpg
data/preproc_0948.jpg
data/preproc_0949.jpg
data/preproc_0950.jpg
data/preproc_0951.jpg
data/preproc_0952.jpg
data/preproc_0953.jpg
data/preproc_0954.jpg
data/preproc_0955.jpg
data/preproc_0956.jpg
data/preproc_0957.jpg
data/preproc_0958.jpg
data/preproc_0959.jpg
data/preproc_0960.jpg
data/preproc_0961.jpg
data/preproc_0962.jpg
data/preproc_0963.jpg
data/preproc_0964.jpg
data/preproc_0965.jpg
data/preproc_0966.jpg
data/preproc_0967.jpg
data/preproc_0968.jpg
data/preproc_0969.jpg
data/preproc_0970.jpg
data/preproc_0971.jpg
data/preproc_0972.jpg
data/preproc_0973.jpg
data/preproc_0974.jpg
data/preproc_0975.jpg
data/preproc_0976.jpg
data/preproc_0977.jpg
data/preproc_0978.jpg
data/preproc_0979.jpg
data/preproc_0980.jpg
data/preproc_0981.jpg
data/preproc_0982.jpg
data/preproc_0983.jpg
data/preproc_0984.jpg
data/preproc_0985.jpg
data/preproc_0986.jpg
data/preproc_0987.jpg
data/preproc_0988.jpg
data/preproc_0989.jpg
data/preproc_0990.jpg
data/preproc_0991.jpg
data/preproc_0992.jpg
data/preproc_0993.jpg
data/preproc_0994.jpg
data/preproc_0995.jpg
data/preproc_0996.jpg
data/preproc_0997.jpg
data/preproc_0998.jpg
data/preproc_0999.jpg
data/preproc_1000.jpg
data/preproc_1001.jpg
data/preproc_1002.jpg
data/preproc_1003.jpg
data/preproc_1004.jpg
data/preproc_1005.jpg
data/preproc_1006.jpg
data/preproc_1007.jpg
data/preproc_1008.jpg
data/preproc_1009.jpg
data/preproc_1010.jpg
data/preproc_1011.jpg
data/preproc_1012.jpg
data/preproc_1013.jpg
data/preproc_1014.jpg
data/preproc_1015.jpg
data/preproc_1016.jpg
data/preproc_1017.jpg
data/preproc_1018.jpg
data/preproc_1019.jpg
data/preproc_1020.jpg
data/preproc_1021.jpg
data/preproc_1022.jpg
data/preproc_1023.jpg
data/preproc_1024.jpg
data/preproc_1025.jpg
data/preproc_1026.jpg
data/preproc_1027.jpg
data/preproc_1028.jpg
data/preproc_1029.jpg
data/preproc_1030.jpg
data/preproc_1031.jpg
data/preproc_1032.jpg
data/preproc_1033.jpg
data/preproc_1034.jpg
data/preproc_1035.jpg
data/preproc_1036.jpg
data/preproc_1037.jpg
data/preproc_1038.jpg
data/preproc_1039.jpg
data/preproc_1040.jpg
data/preproc_1041.jpg
data/preproc_1042.jpg
data/preproc_1043.jpg
data/preproc_1044.jpg
data/preproc_1045.jpg
data/preproc_1046.jpg
data/preproc_1047.jpg
data/preproc_1048.jpg
data/preproc_1049.jpg
data/preproc_1050.jpg
data/preproc_1051.jpg
data/preproc_1052.jpg
data/preproc_1053.jpg
data/preproc_1054.jpg
data/preproc_1055.jpg
data/preproc_1056.jpg
data/preproc_1057.jpg
data/preproc_1058.jpg
data/preproc_1059.jpg
data/preproc_1060.jpg
data/preproc_1061.jpg
data/preproc_1062.jpg
data/preproc_1063.jpg
data/preproc_1064.jpg
data/preproc_1065.jpg
data/preproc_1066.jpg
data/preproc_1067.jpg
data/preproc_1068.jpg
data/preproc_1069.jpg
data/preproc_1070.jpg
data/preproc_1071.jpg
data/preproc_1072.jpg
data/preproc_1073.jpg
data/preproc_1074.jpg
data/preproc_1075.jpg
data/preproc_1076.jpg
data/preproc_1077.jpg
data/preproc_1078.jpg
data/preproc_1079.jpg
data/preproc_1080.jpg
data/preproc_1081.jpg
data/preproc_1082.jpg
data/preproc_1083.jpg
data/preproc_1084.jpg
data/preproc_1085.jpg
data/preproc_1086.jpg
data/preproc_1087.jpg
data/preproc_1088.jpg
data/preproc_1089.jpg
data/preproc_1090.jpg
data/preproc_1091.jpg
data/preproc_1092.jpg
data/preproc_1093.jpg
data/preproc_1094.jpg
data/preproc_1095.jpg
data/preproc_1096.jpg
data/preproc_1097.jpg
data/preproc_1098.jpg
data/preproc_1099.jpg
data/preproc_1100.jpg
data/preproc_1101.jpg
data/preproc_1102.jpg
data/preproc_1103.jpg
data/preproc_1104.jpg
data/preproc_1105.jpg
data/preproc_1106.jpg
data/preproc_1107.jpg
data/preproc_1108.jpg
data/preproc_1109.jpg
data/preproc_1110.jpg
data/preproc_1111.jpg
data/preproc_1112.jpg
data/preproc_1113.jpg
data/preproc_1114.jpg
data/preproc_1115.jpg
data/preproc_1116.jpg
data/preproc_1117.jpg
data/preproc_1118.jpg
data/preproc_1119.jpg
data/preproc_1120.jpg
data/preproc_1121.jpg
data/preproc_1122.jpg
data/preproc_1123.jpg
data/preproc_1124.jpg
data/preproc_1125.jpg
data/preproc_1126.jpg
data/preproc_1127.jpg
data/preproc_1128.jpg
data/preproc_1129.jpg
data/preproc_1130.jpg
data/preproc_1131.jpg
data/preproc_1132.jpg
data/preproc_1133.jpg
data/preproc_1134.jpg
data/preproc_1135.jpg
data/preproc_1136.jpg
data/preproc_1137.jpg
data/preproc_1138.jpg
data/preproc_1139.jpg
data/preproc_1140.jpg
data/preproc_1141.jpg
data/preproc_1142.jpg
data/preproc_1143.jpg
data/preproc_1144.jpg
data/preproc_1145.jpg
data/preproc_1146.jpg
data/preproc_1147.jpg
data/preproc_1148.jpg
data/preproc_1149.jpg
data/preproc_1150.jpg
data/preproc_1151.jpg
data/preproc_1152.jpg
data/preproc_1153.jpg
data/preproc_1154.jpg
data/preproc_1155.jpg
data/preproc_1156.jpg
data/preproc_1157.jpg
data/preproc_1158.jpg
data/preproc_1159.jpg
data/preproc_1160.jpg
data/preproc_1161.jpg
data/preproc_1162.jpg
data/preproc_1163.jpg
data/preproc_1164.jpg
data/preproc_1165.jpg
data/preproc_1166.jpg
data/preproc_1167.jpg
data/preproc_1168.jpg
data/preproc_1169.jpg
data/preproc_1170.jpg
data/preproc_1171.jpg
data/preproc_1172.jpg
data/preproc_1173.jpg
data/preproc_1174.jpg
data/preproc_1175.jpg
data/preproc_1176.jpg
data/preproc_1177.jpg
data/preproc_1178.jpg
data/preproc_1179.jpg
data/preproc_1180.jpg
data/preproc_1181.jpg
data/preproc_1182.jpg
data/preproc_1183.jpg
data/preproc_1184.jpg
data/preproc_1185.jpg
data/preproc_1186.jpg
data/preproc_1187.jpg
data/preproc_1188.jpg
data/preproc_1189.jpg
data/preproc_1190.jpg
data/preproc_1191.jpg
data/preproc_1192.jpg
data/preproc_1193.jpg
data/preproc_1194.jpg
data/preproc_1195.jpg
data/preproc_1196.jpg
data/preproc_1197.jpg
data/preproc_1198.jpg
data/preproc_1199.jpg
data/preproc_1200.jpg
data/preproc_1201.jpg
data/preproc_1202.jpg
data/preproc_1203.jpg
data/preproc_1204.jpg
data/preproc_1205.jpg
data/preproc_1206.jpg
data/preproc_1207.jpg
data/preproc_1208.jpg
data/preproc_1209.jpg
data/preproc_1210.jpg
data/preproc_1211.jpg
data/preproc_1212.jpg
data/preproc_1213.jpg
data/preproc_1214.jpg
data/preproc_1215.jpg
data/preproc_1216.jpg
data/preproc_1217.jpg
data/preproc_1218.jpg
data/preproc_1219.jpg
data/preproc_1220.jpg
data/preproc_1221.jpg
data/preproc_1222.jpg
data/preproc_1223.jpg
data/preproc_1224.jpg
data/preproc_1225.jpg
data/preproc_1226.jpg
data/preproc_1227.jpg
data/preproc_1228.jpg
data/preproc_1229.jpg
data/preproc_1230.jpg
data/preproc_1231.jpg
data/preproc_1232.jpg
data/preproc_1233.jpg
data/preproc_1234.jpg
data/preproc_1235.jpg
data/preproc_1236.jpg
data/preproc_1237.jpg
data/preproc_1238.jpg
data/preproc_1239.jpg
data/preproc_1240.jpg
data/preproc_1241.jpg
data/preproc_1242.jpg
data/preproc_1243.jpg
data/preproc_1244.jpg
data/preproc_1245.jpg
data/preproc_1246.jpg
data/preproc_1247.jpg
data/preproc_1248.jpg
data/preproc_1249.jpg
data/preproc_1250.jpg
data/preproc_1251.jpg
data/preproc_1252.jpg
data/preproc_1253.jpg
data/preproc_1254.jpg
data/preproc_1255.jpg
data/preproc_1256.jpg
data/preproc_1257.jpg
data/preproc_1258.jpg
data/preproc_1259.jpg
data/preproc_1260.jpg
data/preproc_1261.jpg
data/preproc_1262.jpg
data/preproc_1263.jpg
data/preproc_1264.jpg
data/preproc_1265.jpg
data/preproc_1266.jpg
data/preproc_1267.jpg
data/preproc_1268.jpg
data/preproc_1269.jpg
data/preproc_1270.jpg
data/preproc_1271.jpg
data/preproc_1272.jpg
data/preproc_1273.jpg
data/preproc_1274.jpg
data/preproc_1275.jpg
data/preproc_1276.jpg
data/preproc_1277.jpg
data/preproc_1278.jpg
data/preproc_1279.jpg
data/preproc_1280.jpg
data/preproc_1281.jpg
data/preproc_1282.jpg
data/preproc_1283.jpg
data/preproc_1284.jpg
data/preproc_1285.jpg
data/preproc_1286.jpg
data/preproc_1287.jpg
data/preproc_1288.jpg
data/preproc_1289.jpg
data/preproc_1290.jpg
data/preproc_1291.jpg
data/preproc_1292.jpg
data/preproc_1293.jpg
data/preproc_1294.jpg
data/preproc_1295.jpg
data/preproc_1296.jpg
data/preproc_1297.jpg
data/preproc_1298.jpg
data/preproc_1299.jpg
data/preproc_1300.jpg
data/preproc_1301.jpg
data/preproc_1302.jpg
data/preproc_1303.jpg
data/preproc_1304.jpg
data/preproc_1305.jpg
data/preproc_1306.jpg
data/preproc_1307.jpg
data/preproc_1308.jpg
data/preproc_1309.jpg
data/preproc_1310.jpg
data/preproc_1311.jpg
data/preproc_1312.jpg
data/preproc_1313.jpg
data/preproc_1314.jpg
data/preproc_1315.jpg
data/preproc_1316.jpg
data/preproc_1317.jpg
data/preproc_1318.jpg
data/preproc_1319.jpg
data/preproc_1320.jpg
data/preproc_1321.jpg
data/preproc_1322.jpg
data/preproc_1323.jpg
data/preproc_1324.jpg
data/preproc_1325.jpg
data/preproc_1326.jpg
data/preproc_1327.jpg
data/preproc_1328.jpg
data/preproc_1329.jpg
data/preproc_1330.jpg
data/preproc_1331.jpg
data/preproc_1332.jpg
data/preproc_1333.jpg
data/preproc_1334.jpg
data/preproc_1335.jpg
data/preproc_1336.jpg
data/preproc_1337.jpg
data/preproc_1338.jpg
data/preproc_1339.jpg
data/preproc_1340.jpg
data/preproc_1341.jpg
data/preproc_1342.jpg
data/preproc_1343.jpg
data/preproc_1344.jpg
data/preproc_1345.jpg
data/preproc_1346.jpg
data/preproc_1347.jpg
data/preproc_1348.jpg
data/preproc_1349.jpg
data/preproc_1350.jpg
data/preproc_1351.jpg
data/preproc_1352.jpg
data/preproc_1353.jpg
data/preproc_1354.jpg
data/preproc_1355.jpg
data/preproc_1356.jpg
data/preproc_1357.jpg
data/preproc_1358.jpg
data/preproc_1359.jpg
data/preproc_1360.jpg
data/preproc_1361.jpg
data/preproc_1362.jpg
data/preproc_1363.jpg
data/preproc_1364.jpg
data/preproc_1365.jpg
data/preproc_1366.jpg
data/preproc_1367.jpg
data/preproc_1368.jpg
data/preproc_1369.jpg
data/preproc_1370.jpg
data/preproc_1371.jpg
data/preproc_1372.jpg
data/preproc_1373.jpg
data/preproc_1374.jpg
data/preproc_1375.jpg
data/preproc_1376.jpg
data/preproc_1377.jpg
data/preproc_1378.jpg
data/preproc_1379.jpg
data/preproc_1380.jpg
data/preproc_1381.jpg
data/preproc_1382.jpg
data/preproc_1383.jpg
data/preproc_1384.jpg
data/preproc_1385.jpg
data/preproc_1386.jpg
data/preproc_1387.jpg
data/preproc_1388.jpg
data/preproc_1389.jpg
data/preproc_1390.jpg
data/preproc_1391.jpg
data/preproc_1392.jpg
data/preproc_1393.jpg
data/preproc_1394.jpg
data/preproc_1395.jpg
data/preproc_1396.jpg
data/preproc_1397.jpg
data/preproc_1398.jpg
data/preproc_1399.jpg
data/preproc_1400.jpg
data/preproc_1401.jpg
data/preproc_1402.jpg
data/preproc_1403.jpg
data/preproc_1404.jpg
data/preproc_1405.jpg
data/preproc_1406.jpg
data/preproc_1407.jpg
data/preproc_1408.jpg
data/preproc_1409.jpg
data/preproc_1410.jpg
data/preproc_1411.jpg
data/preproc_1412.jpg
data/preproc_1413.jpg
data/preproc_1414.jpg
data/preproc_1415.jpg
data/preproc_1416.jpg
data/preproc_1417.jpg
data/preproc_1418.jpg
data/preproc_1419.jpg
data/preproc_1420.jpg
data/preproc_1421.jpg
data/preproc_1422.jpg
data/preproc_1423.jpg
data/preproc_1424.jpg
data/preproc_1425.jpg
data/preproc_1426.jpg
data/preproc_1427.jpg
data/preproc_1428.jpg
data/preproc_1429.jpg
data/preproc_1430.jpg
data/preproc_1431.jpg
data/preproc_1432.jpg
data/preproc_1433.jpg
data/preproc_1434.jpg
data/preproc_1435.jpg
data/preproc_1436.jpg
data/preproc_1437.jpg
data/preproc_1438.jpg
data/preproc_1439.jpg
data/preproc_1440.jpg
data/preproc_1441.jpg
data/preproc_1442.jpg
data/preproc_1443.jpg
data/preproc_1444.jpg
data/preproc_1445.jpg
data/preproc_1446.jpg
data/preproc_1447.jpg
data/preproc_1448.jpg
data/preproc_1449.jpg
data/preproc_1450.jpg
data/preproc_1451.jpg
data/preproc_1452.jpg
data/preproc_1453.jpg
data/preproc_1454.jpg
data/preproc_1455.jpg
data/preproc_1456.jpg
data/preproc_1457.jpg
data/preproc_1458.jpg
data/preproc_1459.jpg
data/preproc_1460.jpg
data/preproc_1461.jpg
data/preproc_1462.jpg
data/preproc_1463.jpg
data/preproc_1464.jpg
data/preproc_1465.jpg
data/preproc_1466.jpg
data/preproc_1467.jpg
data/preproc_1468.jpg
data/preproc_1469.jpg
data/preproc_1470.jpg
data/preproc_1471.jpg
data/preproc_1472.jpg
data/preproc_1473.jpg
data/preproc_1474.jpg
data/preproc_1475.jpg
data/preproc_1476.jpg
data/preproc_1477.jpg
data/preproc_1478.jpg
data/preproc_1479.jpg
data/preproc_1480.jpg
data/preproc_1481.jpg
data/preproc_1482.jpg
data/preproc_1483.jpg
data/preproc_1484.jpg
data/preproc_1485.jpg
data/preproc_1486.jpg
data/preproc_1487.jpg
data/preproc_1488.jpg
data/preproc_1489.jpg
data/preproc_1490.jpg
data/preproc_1491.jpg
data/preproc_1492.jpg
data/preproc_1493.jpg
data/preproc_1494.jpg
data/preproc_1495.jpg
data/preproc_1496.jpg
data/preproc_1497.jpg
data/preproc_1498.jpg
data/preproc_1499.jpg
data/preproc_1500.jpg
data/preproc_1501.jpg
data/preproc_1502.jpg
data/preproc_1503.jpg
data/preproc_1504.jpg
data/preproc_1505.jpg
data/preproc_1506.jpg
data/preproc_1507.jpg
data/preproc_1508.jpg
data/preproc_1509.jpg
data/preproc_1510.jpg
data/preproc_1511.jpg
data/preproc_1512.jpg
data/preproc_1513.jpg
data/preproc_1514.jpg
data/preproc_1515.jpg
data/preproc_1516.jpg
data/preproc_1517.jpg
data/preproc_1518.jpg
data/preproc_1519.jpg
data/preproc_1520.jpg
data/preproc_1521.jpg
data/preproc_1522.jpg
data/preproc_1523.jpg
data/preproc_1524.jpg
data/preproc_1525.jpg
data/preproc_1526.jpg
data/preproc_1527.jpg
data/preproc_1528.jpg
data/preproc_1529.jpg
data/preproc_1530.jpg
data/preproc_1531.jpg
data/preproc_1532.jpg
data/preproc_1533.jpg
data/preproc_1534.jpg
data/preproc_1535.jpg
data/preproc_1536.jpg
data/preproc_1537.jpg
data/preproc_1538.jpg
data/preproc_1539.jpg
data/preproc_1540.jpg
data/preproc_1541.jpg
data/preproc_1542.jpg
data/preproc_1543.jpg
data/preproc_1544.jpg
data/preproc_1545.jpg
data/preproc_1546.jpg
data/preproc_1547.jpg
data/preproc_1548.jpg
data/preproc_1549.jpg
data/preproc_1550.jpg
data/preproc_1551.jpg
data/preproc_1552.jpg
data/preproc_1553.jpg
data/preproc_1554.jpg
data/preproc_1555.jpg
data/preproc_1556.jpg
data/preproc_1557.jpg
data/preproc_1558.jpg
data/preproc_1559.jpg
data/preproc_1560.jpg
data/preproc_1561.jpg
data/preproc_1562.jpg
data/preproc_1563.jpg
data/preproc_1564.jpg
data/preproc_1565.jpg
data/preproc_1566.jpg
data/preproc_1567.jpg
data/preproc_1568.jpg
data/preproc_1569.jpg
data/preproc_1570.jpg
data/preproc_1571.jpg
data/preproc_1572.jpg
data/preproc_1573.jpg
data/preproc_1574.jpg
data/preproc_1575.jpg
data/preproc_1576.jpg
data/preproc_1577.jpg
data/preproc_1578.jpg
data/preproc_1579.jpg
data/preproc_1580.jpg
data/preproc_1581.jpg
data/preproc_1582.jpg
data/preproc_1583.jpg
data/preproc_1584.jpg
data/preproc_1585.jpg
data/preproc_1586.jpg
data/preproc_1587.jpg
data/preproc_1588.jpg
data/preproc_1589.jpg
data/preproc_1590.jpg
data/preproc_1591.jpg
data/preproc_1592.jpg
data/preproc_1593.jpg
data/preproc_1594.jpg
data/preproc_1595.jpg
data/preproc_1596.jpg
data/preproc_1597.jpg
data/preproc_1598.jpg
data/preproc_1599.jpg
data/preproc_1600.jpg
data/preproc_1601.jpg
data/preproc_1602.jpg
data/preproc_1603.jpg
data/preproc_1604.jpg
data/preproc_1605.jpg
data/preproc_1606.jpg
data/preproc_1607.jpg
data/preproc_1608.jpg
data/preproc_1609.jpg
data/preproc_1610.jpg
data/preproc_1611.jpg
data/preproc_1612.jpg
data/preproc_1613.jpg
data/preproc_1614.jpg
data/preproc_1615.jpg
data/preproc_1616.jpg
data/preproc_1617.jpg
data/preproc_1618.jpg
data/preproc_1619.jpg
data/preproc_1620.jpg
data/preproc_1621.jpg
data/preproc_1622.jpg
data/preproc_1623.jpg
data/preproc_1624.jpg
data/preproc_1625.jpg
data/preproc_1626.jpg
data/preproc_1627.jpg
data/preproc_1628.jpg
data/preproc_1629.jpg
data/preproc_1630.jpg
data/preproc_1631.jpg
data/preproc_1632.jpg
data/preproc_1633.jpg
data/preproc_1634.jpg
data/preproc_1635.jpg
data/preproc_1636.jpg
data/preproc_1637.jpg
data/preproc_1638.jpg
data/preproc_1639.jpg
data/preproc_1640.jpg
data/preproc_1641.jpg
data/preproc_1642.jpg
data/preproc_1643.jpg
data/preproc_1644.jpg
data/preproc_1645.jpg
data/preproc_1646.jpg
data/preproc_1647.jpg
data/preproc_1648.jpg
data/preproc_1649.jpg
data/preproc_1650.jpg
data/preproc_1651.jpg
data/preproc_1652.jpg
data/preproc_1653.jpg
data/preproc_1654.jpg
data/preproc_1655.jpg
data/preproc_1656.jpg
data/preproc_1657.jpg
data/preproc_1658.jpg
data/preproc_1659.jpg
data/preproc_1660.jpg
data/preproc_1661.jpg
data/preproc_1662.jpg
data/preproc_1663.jpg
data/preproc_1664.jpg
data/preproc_1665.jpg
data/preproc_1666.jpg
data/preproc_1667.jpg
data/preproc_1668.jpg
data/preproc_1669.jpg
data/preproc_1670.jpg
data/preproc_1671.jpg
data/preproc_1672.jpg
data/preproc_1673.jpg
data/preproc_1674.jpg
data/preproc_1675.jpg
data/preproc_1676.jpg
data/preproc_1677.jpg
data/preproc_1678.jpg
data/preproc_1679.jpg
data/preproc_1680.jpg
data/preproc_1681.jpg
data/preproc_1682.jpg
data/preproc_1683.jpg
data/preproc_1684.jpg
data/preproc_1685.jpg
data/preproc_1686.jpg
data/preproc_1687.jpg
data/preproc_1688.jpg
data/preproc_1689.jpg
data/preproc_1690.jpg
data/preproc_1691.jpg
data/preproc_1692.jpg
data/preproc_1693.jpg
data/preproc_1694.jpg
data/preproc_1695.jpg
data/preproc_1696.jpg
data/preproc_1697.jpg
data/preproc_1698.jpg
data/preproc_1699.jpg
data/preproc_1700.jpg
data/preproc_1701.jpg
data/preproc_1702.jpg
data/preproc_1703.jpg
data/preproc_1704.jpg
data/preproc_1705.jpg
data/preproc_1706.jpg
data/preproc_1707.jpg
data/preproc_1708.jpg
data/preproc_1709.jpg
data/preproc_1710.jpg
data/preproc_1711.jpg
data/preproc_1712.jpg
data/preproc_1713.jpg
data/preproc_1714.jpg
data/preproc_1715.jpg
data/preproc_1716.jpg
data/preproc_1717.jpg
data/preproc_1718.jpg
data/preproc_1719.jpg
data/preproc_1720.jpg
data/preproc_1721.jpg
data/preproc_1722.jpg
data/preproc_1723.jpg
data/preproc_1724.jpg
data/preproc_1725.jpg
data/preproc_1726.jpg
data/preproc_1727.jpg
data/preproc_1728.jpg
data/preproc_1729.jpg
data/preproc_1730.jpg
data/preproc_1731.jpg
data/preproc_1732.jpg
data/preproc_1733.jpg
data/preproc_1734.jpg
data/preproc_1735.jpg
data/preproc_1736.jpg
data/preproc_1737.jpg
data/preproc_1738.jpg
data/preproc_1739.jpg
data/preproc_1740.jpg
data/preproc_1741.jpg
data/preproc_1742.jpg
data/preproc_1743.jpg
data/preproc_1744.jpg
data/preproc_1745.jpg
data/preproc_1746.jpg
data/preproc_1747.jpg
data/preproc_1748.jpg
data/preproc_1749.jpg
data/preproc_1750.jpg
data/preproc_1751.jpg
data/preproc_1752.jpg
data/preproc_1753.jpg
data/preproc_1754.jpg
data/preproc_1755.jpg
data/preproc_1756.jpg
data/preproc_1757.jpg
data/preproc_1758.jpg
data/preproc_1759.jpg
data/preproc_1760.jpg
data/preproc_1761.jpg
data/preproc_1762.jpg
data/preproc_1763.jpg
data/preproc_1764.jpg
data/preproc_1765.jpg
data/preproc_1766.jpg
data/preproc_1767.jpg
data/preproc_1768.jpg
data/preproc_1769.jpg
data/preproc_1770.jpg
data/preproc_1771.jpg
data/preproc_1772.jpg
data/preproc_1773.jpg
data/preproc_1774.jpg
data/preproc_1775.jpg
data/preproc_1776.jpg
data/preproc_1777.jpg
data/preproc_1778.jpg
data/preproc_1779.jpg
data/preproc_1780.jpg
data/preproc_1781.jpg
data/preproc_1782.jpg
data/preproc_1783.jpg
data/preproc_1784.jpg
data/preproc_1785.jpg
data/preproc_1786.jpg
data/preproc_1787.jpg
data/preproc_1788.jpg
data/preproc_1789.jpg
data/preproc_1790.jpg
data/preproc_1791.jpg
data/preproc_1792.jpg
data/preproc_1793.jpg
data/preproc_1794.jpg
data/preproc_1795.jpg
data/preproc_1796.jpg
data/preproc_1797.jpg
data/preproc_1798.jpg
data/preproc_1799.jpg
data/preproc_1800.jpg
data/preproc_1801.jpg
data/preproc_1802.jpg
data/preproc_1803.jpg
data/preproc_1804.jpg
data/preproc_1805.jpg
data/preproc_1806.jpg
data/preproc_1807.jpg
data/preproc_1808.jpg
data/preproc_1809.jpg
data/preproc_1810.jpg
data/preproc_1811.jpg
data/preproc_1812.jpg
data/preproc_1813.jpg
data/preproc_1814.jpg
data/preproc_1815.jpg
data/preproc_1816.jpg
data/preproc_1817.jpg
data/preproc_1818.jpg
data/preproc_1819.jpg
data/preproc_1820.jpg
data/preproc_1821.jpg
data/preproc_1822.jpg
data/preproc_1823.jpg
data/preproc_1824.jpg
data/preproc_1825.jpg
data/preproc_1826.jpg
data/preproc_1827.jpg
data/preproc_1828.jpg
data/preproc_1829.jpg
data/preproc_1830.jpg
data/preproc_1831.jpg
data/preproc_1832.jpg
data/preproc_1833.jpg
data/preproc_1834.jpg
data/preproc_1835.jpg
data/preproc_1836.jpg
data/preproc_1837.jpg
data/preproc_1838.jpg
data/preproc_1839.jpg
data/preproc_1840.jpg
data/preproc_1841.jpg
data/preproc_1842.jpg
data/preproc_1843.jpg
data/preproc_1844.jpg
data/preproc_1845.jpg
data/preproc_1846.jpg
data/preproc_1847.jpg
data/preproc_1848.jpg
data/preproc_1849.jpg
data/preproc_1850.jpg
data/preproc_1851.jpg
data/preproc_1852.jpg
data/preproc_1853.jpg
data/preproc_1854.jpg
data/preproc_1855.jpg
data/preproc_1856.jpg
data/preproc_1857.jpg
data/preproc_1858.jpg
data/preproc_1859.jpg
data/preproc_1860.jpg
data/preproc_1861.jpg
data/preproc_1862.jpg
data/preproc_1863.jpg
data/preproc_1864.jpg
data/preproc_1865.jpg
data/preproc_1866.jpg
data/preproc_1867.jpg
data/preproc_1868.jpg
data/preproc_1869.jpg
data/preproc_1870.jpg
data/preproc_1871.jpg
data/preproc_1872.jpg
data/preproc_1873.jpg
data/preproc_1874.jpg
data/preproc_1875.jpg
data/preproc_1876.jpg
data/preproc_1877.jpg
data/preproc_1878.jpg
data/preproc_1879.jpg
data/preproc_1880.jpg
data/preproc_1881.jpg
data/preproc_1882.jpg
data/preproc_1883.jpg
data/preproc_1884.jpg
data/preproc_1885.jpg
data/preproc_1886.jpg
data/preproc_1887.jpg
data/preproc_1888.jpg
data/preproc_1889.jpg
data/preproc_1890.jpg
data/preproc_1891.jpg
data/preproc_1892.jpg
data/preproc_1893.jpg
data/preproc_1894.jpg
data/preproc_1895.jpg
data/preproc_1896.jpg
data/preproc_1897.jpg
data/preproc_1898.jpg
data/preproc_1899.jpg
data/preproc_1900.jpg
data/preproc_1901.jpg
data/preproc_1902.jpg
data/preproc_1903.jpg
data/preproc_1904.jpg
data/preproc_1905.jpg
data/preproc_1906.jpg
data/preproc_1907.jpg
data/preproc_1908.jpg
data/preproc_1909.jpg
data/preproc_1910.jpg
data/preproc_1911.jpg
data/preproc_1912.jpg
data/preproc_1913.jpg
data/preproc_1914.jpg
data/preproc_1915.jpg
data/preproc_1916.jpg
data/preproc_1917.jpg
data/preproc_1918.jpg
data/preproc_1919.jpg
data/preproc_1920.jpg
data/preproc_1921.jpg
data/preproc_1922.jpg
data/preproc_1923.jpg
data/preproc_1924.jpg
data/preproc_1925.jpg
data/preproc_1926.jpg
data/preproc_1927.jpg
data/preproc_1928.jpg
data/preproc_1929.jpg
data/preproc_1930.jpg
data/preproc_1931.jpg
data/preproc_1932.jpg
data/preproc_1933.jpg
data/preproc_1934.jpg
data/preproc_1935.jpg
data/preproc_1936.jpg
data/preproc_1937.jpg
data/preproc_1938.jpg
data/preproc_1939.jpg
data/preproc_1940.jpg
data/preproc_1941.jpg
data/preproc_1942.jpg
data/preproc_1943.jpg
data/preproc_1944.jpg
data/preproc_1945.jpg
data/preproc_1946.jpg
data/preproc_1947.jpg
data/preproc_1948.jpg
data/preproc_1949.jpg
data/preproc_1950.jpg
data/preproc_1951.jpg
data/preproc_1952.jpg
data/preproc_1953.jpg
data/preproc_1954.jpg
data/preproc_1955.jpg
data/preproc_1956.jpg
data/preproc_1957.jpg
data/preproc_1958.jpg
data/preproc_1959.jpg
data/preproc_1960.jpg
data/preproc_1961.jpg
data/preproc_1962.jpg
data/preproc_1963.jpg
data/preproc_1964.jpg
data/preproc_1965.jpg
data/preproc_1966.jpg
data/preproc_1967.jpg
data/preproc_1968.jpg
data/preproc_1969.jpg
data/preproc_1970.jpg
data/preproc_1971.jpg
data/preproc_1972.jpg
data/preproc_1973.jpg
data/preproc_1974.jpg
data/preproc_1975.jpg
data/preproc_1976.jpg
data/preproc_1977.jpg
data/preproc_1978.jpg
data/preproc_1979.jpg
data/preproc_1980.jpg
data/preproc_1981.jpg
data/preproc_1982.jpg
data/preproc_1983.jpg
data/preproc_1984.jpg
data/preproc_1985.jpg
data/preproc_1986.jpg
data/preproc_1987.jpg
data/preproc_1988.jpg
data/preproc_1989.jpg
data/preproc_1990.jpg
data/preproc_1991.jpg
data/preproc_1992.jpg
data/preproc_1993.jpg
data/preproc_1994.jpg
data/preproc_1995.jpg
data/preproc_1996.jpg
data/preproc_1997.jpg
data/preproc_1998.jpg
data/preproc_1999.jpg
data/preproc_2000.jpg
data/preproc_2001.jpg
data/preproc_2002.jpg
data/preproc_2003.jpg
data/preproc_2004.jpg
data/preproc_2005.jpg
data/preproc_2006.jpg
data/preproc_2007.jpg
data/preproc_2008.jpg
data/preproc_2009.jpg
data/preproc_2010.jpg
data/preproc_2011.jpg
data/preproc_2012.jpg
data/preproc_2013.jpg
data/preproc_2014.jpg
data/preproc_2015.jpg
data/preproc_2016.jpg
data/preproc_2017.jpg
data/preproc_2018.jpg
data/preproc_2019.jpg
data/preproc_2020.jpg
data/preproc_2021.jpg
data/preproc_2022.jpg
data/preproc_2023.jpg
data/preproc_2024.jpg
data/preproc_2025.jpg
data/preproc_2026.jpg
data/preproc_2027.jpg
data/preproc_2028.jpg
data/preproc_2029.jpg
data/preproc_2030.jpg
data/preproc_2031.jpg
data/preproc_2032.jpg
data/preproc_2033.jpg
data/preproc_2034.jpg
data/preproc_2035.jpg
data/preproc_2036.jpg
data/preproc_2037.jpg
data/preproc_2038.jpg
data/preproc_2039.jpg
data/preproc_2040.jpg
data/preproc_2041.jpg
data/preproc_2042.jpg
data/preproc_2043.jpg
data/preproc_2044.jpg
data/preproc_2045.jpg
data/preproc_2046.jpg
data/preproc_2047.jpg
data/preproc_2048.jpg
data/preproc_2049.jpg
data/preproc_2050.jpg
data/preproc_2051.jpg
data/preproc_2052.jpg
data/preproc_2053.jpg
data/preproc_2054.jpg
data/preproc_2055.jpg
data/preproc_2056.jpg
data/preproc_2057.jpg
data/preproc_2058.jpg
data/preproc_2059.jpg
data/preproc_2060.jpg
data/preproc_2061.jpg
data/preproc_2062.jpg
data/preproc_2063.jpg
data/preproc_2064.jpg
data/preproc_2065.jpg
data/preproc_2066.jpg
data/preproc_2067.jpg
data/preproc_2068.jpg
data/preproc_2069.jpg
data/preproc_2070.jpg
data/preproc_2071.jpg
data/preproc_2072.jpg
data/preproc_2073.jpg
data/preproc_2074.jpg
data/preproc_2075.jpg
data/preproc_2076.jpg
data/preproc_2077.jpg
data/preproc_2078.jpg
data/preproc_2079.jpg
data/preproc_2080.jpg
data/preproc_2081.jpg
data/preproc_2082.jpg
data/preproc_2083.jpg
data/preproc_2084.jpg
data/preproc_2085.jpg
data/preproc_2086.jpg
data/preproc_2087.jpg
data/preproc_2088.jpg
data/preproc_2089.jpg
data/preproc_2090.jpg
data/preproc_2091.jpg
data/preproc_2092.jpg
data/preproc_2093.jpg
data/preproc_2094.jpg
data/preproc_2095.jpg
data/preproc_2096.jpg
data/preproc_2097.jpg
data/preproc_2098.jpg
data/preproc_2099.jpg
data/preproc_2100.jpg
data/preproc_2101.jpg
data/preproc_2102.jpg
data/preproc_2103.jpg
data/preproc_2104.jpg
data/preproc_2105.jpg
data/preproc_2106.jpg
data/preproc_2107.jpg
data/preproc_2108.jpg
data/preproc_2109.jpg
data/preproc_2110.jpg
data/preproc_2111.jpg
data/preproc_2112.jpg
data/preproc_2113.jpg
data/preproc_2114.jpg
data/preproc_2115.jpg
data/preproc_2116.jpg
data/preproc_2117.jpg
data/preproc_2118.jpg
data/preproc_2119.jpg
data/preproc_2120.jpg
data/preproc_2121.jpg
data/preproc_2122.jpg
data/preproc_2123.jpg
data/preproc_2124.jpg
data/preproc_2125.jpg
data/preproc_2126.jpg
data/preproc_2127.jpg
data/preproc_2128.jpg
data/preproc_2129.jpg
data/preproc_2130.jpg
data/preproc_2131.jpg
data/preproc_2132.jpg
data/preproc_2133.jpg
data/preproc_2134.jpg
data/preproc_2135.jpg
data/preproc_2136.jpg
data/preproc_2137.jpg
data/preproc_2138.jpg
data/preproc_2139.jpg
data/preproc_2140.jpg
data/preproc_2141.jpg
data/preproc_2142.jpg
data/preproc_2143.jpg
data/preproc_2144.jpg
data/preproc_2145.jpg
data/preproc_2146.jpg
data/preproc_2147.jpg
data/preproc_2148.jpg
data/preproc_2149.jpg
data/preproc_2150.jpg
data/preproc_2151.jpg
data/preproc_2152.jpg
data/preproc_2153.jpg
data/preproc_2154.jpg
data/preproc_2155.jpg
data/preproc_2156.jpg
data/preproc_2157.jpg
data/preproc_2158.jpg
data/preproc_2159.jpg
data/preproc_2160.jpg
data/preproc_2161.jpg
data/preproc_2162.jpg
data/preproc_2163.jpg
data/preproc_2164.jpg
data/preproc_2165.jpg
data/preproc_2166.jpg
data/preproc_2167.jpg
data/preproc_2168.jpg
data/preproc_2169.jpg
data/preproc_2170.jpg
data/preproc_2171.jpg
data/preproc_2172.jpg
data/preproc_2173.jpg
data/preproc_2174.jpg
data/preproc_2175.jpg
data/preproc_2176.jpg
data/preproc_2177.jpg
data/preproc_2178.jpg
data/preproc_2179.jpg
data/preproc_2180.jpg
data/preproc_2181.jpg
data/preproc_2182.jpg
data/preproc_2183.jpg
data/preproc_2184.jpg
data/preproc_2185.jpg
data/preproc_2186.jpg
data/preproc_2187.jpg
data/preproc_2188.jpg
data/preproc_2189.jpg
data/preproc_2190.jpg
data/preproc_2191.jpg
data/preproc_2192.jpg
data/preproc_2193.jpg
data/preproc_2194.jpg
data/preproc_2195.jpg
data/preproc_2196.jpg
data/preproc_2197.jpg
data/preproc_2198.jpg
data/preproc_2199.jpg
data/preproc_2200.jpg
data/preproc_2201.jpg
data/preproc_2202.jpg
data/preproc_2203.jpg
data/preproc_2204.jpg
data/preproc_2205.jpg
data/preproc_2206.jpg
data/preproc_2207.jpg
data/preproc_2208.jpg
data/preproc_2209.jpg
data/preproc_2210.jpg
data/preproc_2211.jpg
data/preproc_2212.jpg
data/preproc_2213.jpg
data/preproc_2214.jpg
data/preproc_2215.jpg
data/preproc_2216.jpg
data/preproc_2217.jpg
data/preproc_2218.jpg
data/preproc_2219.jpg
data/preproc_2220.jpg
data/preproc_2221.jpg
data/preproc_2222.jpg
data/preproc_2223.jpg
data/preproc_2224.jpg
data/preproc_2225.jpg
data/preproc_2226.jpg
data/preproc_2227.jpg
data/preproc_2228.jpg
data/preproc_2229.jpg
data/preproc_2230.jpg
data/preproc_2231.jpg
data/preproc_2232.jpg
data/preproc_2233.jpg
data/preproc_2234.jpg
data/preproc_2235.jpg
data/preproc_2236.jpg
data/preproc_2237.jpg
data/preproc_2238.jpg
data/preproc_2239.jpg
data/preproc_2240.jpg
data/preproc_2241.jpg
data/preproc_2242.jpg
data/preproc_2243.jpg
data/preproc_2244.jpg
data/preproc_2245.jpg
data/preproc_2246.jpg
data/preproc_2247.jpg
data/preproc_2248.jpg
data/preproc_2249.jpg
data/preproc_2250.jpg
data/preproc_2251.jpg
data/preproc_2252.jpg
data/preproc_2253.jpg
data/preproc_2254.jpg
data/preproc_2255.jpg
data/preproc_2256.jpg
data/preproc_2257.jpg
data/preproc_2258.jpg
data/preproc_2259.jpg
data/preproc_2260.jpg
data/preproc_2261.jpg
data/preproc_2262.jpg
data/preproc_2263.jpg
data/preproc_2264.jpg
data/preproc_2265.jpg
data/preproc_2266.jpg
data/preproc_2267.jpg
data/preproc_2268.jpg
data/preproc_2269.jpg
data/preproc_2270.jpg
data/preproc_2271.jpg
data/preproc_2272.jpg
data/preproc_2273.jpg
data/preproc_2274.jpg
data/preproc_2275.jpg
data/preproc_2276.jpg
data/preproc_2277.jpg
data/preproc_2278.jpg
data/preproc_2279.jpg
data/preproc_2280.jpg
data/preproc_2281.jpg
data/preproc_2282.jpg
data/preproc_2283.jpg
data/preproc_2284.jpg
data/preproc_2285.jpg
data/preproc_2286.jpg
data/preproc_2287.jpg
data/preproc_2288.jpg
data/preproc_2289.jpg
data/preproc_2290.jpg
data/preproc_2291.jpg
data/preproc_2292.jpg
data/preproc_2293.jpg
data/preproc_2294.jpg
data/preproc_2295.jpg
data/preproc_2296.jpg
data/preproc_2297.jpg
data/preproc_2298.jpg
data/preproc_2299.jpg
data/preproc_2300.jpg
data/preproc_2301.jpg
data/preproc_2302.jpg
data/preproc_2303.jpg
data/preproc_2304.jpg
data/preproc_2305.jpg
data/preproc_2306.jpg
data/preproc_2307.jpg
data/preproc_2308.jpg
data/preproc_2309.jpg
data/preproc_2310.jpg
data/preproc_2311.jpg
data/preproc_2312.jpg
data/preproc_2313.jpg
data/preproc_2314.jpg
data/preproc_2315.jpg
data/preproc_2316.jpg
data/preproc_2317.jpg
data/preproc_2318.jpg
data/preproc_2319.jpg
data/preproc_2320.jpg
data/preproc_2321.jpg
data/preproc_2322.jpg
data/preproc_2323.jpg
data/preproc_2324.jpg
data/preproc_2325.jpg
data/preproc_2326.jpg
data/preproc_2327.jpg
data/preproc_2328.jpg
data/preproc_2329.jpg
data/preproc_2330.jpg
data/preproc_2331.jpg
data/preproc_2332.jpg
data/preproc_2333.jpg
data/preproc_2334.jpg
data/preproc_2335.jpg
data/preproc_2336.jpg
data/preproc_2337.jpg
data/preproc_2338.jpg
data/preproc_2339.jpg
data/preproc_2340.jpg
data/preproc_2341.jpg
data/preproc_2342.jpg
data/preproc_2343.jpg
data/preproc_2344.jpg
data/preproc_2345.jpg
data/preproc_2346.jpg
data/preproc_2347.jpg
data/preproc_2348.jpg
data/preproc_2349.jpg
data/preproc_2350.jpg
data/preproc_2351.jpg
data/preproc_2352.jpg
data/preproc_2353.jpg
data/preproc_2354.jpg
data/preproc_2355.jpg
data/preproc_2356.jpg
data/preproc_2357.jpg
data/preproc_2358.jpg
data/preproc_2359.jpg
data/preproc_2360.jpg
data/preproc_2361.jpg
data/preproc_2362.jpg
data/preproc_2363.jpg
data/preproc_2364.jpg
data/preproc_2365.jpg
data/preproc_2366.jpg
data/preproc_2367.jpg
data/preproc_2368.jpg
data/preproc_2369.jpg
data/preproc_2370.jpg
data/preproc_2371.jpg
data/preproc_2372.jpg
data/preproc_2373.jpg
data/preproc_2374.jpg
data/preproc_2375.jpg
data/preproc_2376.jpg
data/preproc_2377.jpg
data/preproc_2378.jpg
data/preproc_2379.jpg
data/preproc_2380.jpg
data/preproc_2381.jpg
data/preproc_2382.jpg
data/preproc_2383.jpg
data/preproc_2384.jpg
data/preproc_2385.jpg
data/preproc_2386.jpg
data/preproc_2387.jpg
data/preproc_2388.jpg
data/preproc_2389.jpg
data/preproc_2390.jpg
data/preproc_2391.jpg
data/preproc_2392.jpg
data/preproc_2393.jpg
data/preproc_2394.jpg
data/preproc_2395.jpg
data/preproc_2396.jpg
data/preproc_2397.jpg
data/preproc_2398.jpg
data/preproc_2399.jpg
data/preproc_2400.jpg
data/preproc_2401.jpg
data/preproc_2402.jpg
data/preproc_2403.jpg
data/preproc_2404.jpg
data/preproc_2405.jpg
data/preproc_2406.jpg
data/preproc_2407.jpg
data/preproc_2408.jpg
data/preproc_2409.jpg
data/preproc_2410.jpg
data/preproc_2411.jpg
data/preproc_2412.jpg
data/preproc_2413.jpg
data/preproc_2414.jpg
data/preproc_2415.jpg
data/preproc_2416.jpg
data/preproc_2417.jpg
data/preproc_2418.jpg
data/preproc_2419.jpg
data/preproc_2420.jpg
data/preproc_2421.jpg
data/preproc_2422.jpg
data/preproc_2423.jpg
data/preproc_2424.jpg
data/preproc_2425.jpg
data/preproc_2426.jpg
data/preproc_2427.jpg
data/preproc_2428.jpg
data/preproc_2429.jpg
data/preproc_2430.jpg
data/preproc_2431.jpg
data/preproc_2432.jpg
data/preproc_2433.jpg
data/preproc_2434.jpg
data/preproc_2435.jpg
data/preproc_2436.jpg
data/preproc_2437.jpg
data/preproc_2438.jpg
data/preproc_2439.jpg
data/preproc_2440.jpg
data/preproc_2441.jpg
data/preproc_2442.jpg
data/preproc_2443.jpg
data/preproc_2444.jpg
data/preproc_2445.jpg
data/preproc_2446.jpg
data/preproc_2447.jpg
data/preproc_2448.jpg
data/preproc_2449.jpg
data/preproc_2450.jpg
data/preproc_2451.jpg
data/preproc_2452.jpg
data/preproc_2453.jpg
data/preproc_2454.jpg
data/preproc_2455.jpg
data/preproc_2456.jpg
data/preproc_2457.jpg
data/preproc_2458.jpg
data/preproc_2459.jpg
data/preproc_2460.jpg
data/preproc_2461.jpg
data/preproc_2462.jpg
data/preproc_2463.jpg
data/preproc_2464.jpg
data/preproc_2465.jpg
data/preproc_2466.jpg
data/preproc_2467.jpg
data/preproc_2468.jpg
data/preproc_2469.jpg
data/preproc_2470.jpg
data/preproc_2471.jpg
data/preproc_2472.jpg
data/preproc_2473.jpg
data/preproc_2474.jpg
data/preproc_2475.jpg
data/preproc_2476.jpg
data/preproc_2477.jpg
data/preproc_2478.jpg
data/preproc_2479.jpg
data/preproc_2480.jpg
data/preproc_2481.jpg
data/preproc_2482.jpg
data/preproc_2483.jpg
data/preproc_2484.jpg
data/preproc_2485.jpg
data/preproc_2486.jpg
data/preproc_2487.jpg
data/preproc_2488.jpg
data/preproc_2489.jpg
data/preproc_2490.jpg
data/preproc_2491.jpg
data/preproc_2492.jpg
data/preproc_2493.jpg
data/preproc_2494.jpg
data/preproc_2495.jpg
data/preproc_2496.jpg
data/preproc_2497.jpg
data/preproc_2498.jpg
data/preproc_2499.jpg
data/preproc_2500.jpg
data/preproc_2501.jpg
data/preproc_2502.jpg
data/preproc_2503.jpg
data/preproc_2504.jpg
data/preproc_2505.jpg
data/preproc_2506.jpg
data/preproc_2507.jpg
data/preproc_2508.jpg
data/preproc_2509.jpg
data/preproc_2510.jpg
data/preproc_2511.jpg
data/preproc_2512.jpg
data/preproc_2513.jpg
data/preproc_2514.jpg
data/preproc_2515.jpg
data/preproc_2516.jpg
data/preproc_2517.jpg
data/preproc_2518.jpg
data/preproc_2519.jpg
data/preproc_2520.jpg
data/preproc_2521.jpg
data/preproc_2522.jpg
data/preproc_2523.jpg
data/preproc_2524.jpg
data/preproc_2525.jpg
data/preproc_2526.jpg
data/preproc_2527.jpg
data/preproc_2528.jpg
data/preproc_2529.jpg
data/preproc_2530.jpg
data/preproc_2531.jpg
data/preproc_2532.jpg
data/preproc_2533.jpg
data/preproc_2534.jpg
data/preproc_2535.jpg
data/preproc_2536.jpg
data/preproc_2537.jpg
data/preproc_2538.jpg
data/preproc_2539.jpg
data/preproc_2540.jpg
data/preproc_2541.jpg
data/preproc_2542.jpg
data/preproc_2543.jpg
data/preproc_2544.jpg
data/preproc_2545.jpg
data/preproc_2546.jpg
data/preproc_2547.jpg
data/preproc_2548.jpg
data/preproc_2549.jpg
data/preproc_2550.jpg
data/preproc_2551.jpg
data/preproc_2552.jpg
data/preproc_2553.jpg
data/preproc_2554.jpg
data/preproc_2555.jpg
data/preproc_2556.jpg
data/preproc_2557.jpg
data/preproc_2558.jpg
data/preproc_2559.jpg
data/preproc_2560.jpg
data/preproc_2561.jpg
data/preproc_2562.jpg
data/preproc_2563.jpg
data/preproc_2564.jpg
data/preproc_2565.jpg
data/preproc_2566.jpg
data/preproc_2567.jpg
data/preproc_2568.jpg
data/preproc_2569.jpg
data/preproc_2570.jpg
data/preproc_2571.jpg
data/preproc_2572.jpg
data/preproc_2573.jpg
data/preproc_2574.jpg
data/preproc_2575.jpg
data/preproc_2576.jpg
data/preproc_2577.jpg
data/preproc_2578.jpg
data/preproc_2579.jpg
data/preproc_2580.jpg
data/preproc_2581.jpg
data/preproc_2582.jpg
data/preproc_2583.jpg
data/preproc_2584.jpg
data/preproc_2585.jpg
data/preproc_2586.jpg
data/preproc_2587.jpg
data/preproc_2588.jpg
data/preproc_2589.jpg
data/preproc_2590.jpg
data/preproc_2591.jpg
data/preproc_2592.jpg
data/preproc_2593.jpg
data/preproc_2594.jpg
data/preproc_2595.jpg
data/preproc_2596.jpg
data/preproc_2597.jpg
data/preproc_2598.jpg
data/preproc_2599.jpg
data/preproc_2600.jpg
data/preproc_2601.jpg
data/preproc_2602.jpg
data/preproc_2603.jpg
data/preproc_2604.jpg
data/preproc_2605.jpg
data/preproc_2606.jpg
data/preproc_2607.jpg
data/preproc_2608.jpg
data/preproc_2609.jpg
data/preproc_2610.jpg
data/preproc_2611.jpg
data/preproc_2612.jpg
data/preproc_2613.jpg
data/preproc_2614.jpg
data/preproc_2615.jpg
data/preproc_2616.jpg
data/preproc_2617.jpg
data/preproc_2618.jpg
data/preproc_2619.jpg
data/preproc_2620.jpg
data/preproc_2621.jpg
data/preproc_2622.jpg
data/preproc_2623.jpg
data/preproc_2624.jpg
data/preproc_2625.jpg
data/preproc_2626.jpg
data/preproc_2627.jpg
data/preproc_2628.jpg
data/preproc_2629.jpg
data/preproc_2630.jpg
data/preproc_2631.jpg
data/preproc_2632.jpg
data/preproc_2633.jpg
data/preproc_2634.jpg
data/preproc_2635.jpg
data/preproc_2636.jpg
data/preproc_2637.jpg
data/preproc_2638.jpg
data/preproc_2639.jpg
data/preproc_2640.jpg
data/preproc_2641.jpg
data/preproc_2642.jpg
data/preproc_2643.jpg
data/preproc_2644.jpg
data/preproc_2645.jpg
data/preproc_2646.jpg
data/preproc_2647.jpg
data/preproc_2648.jpg
data/preproc_2649.jpg
data/preproc_2650.jpg
data/preproc_2651.jpg
data/preproc_2652.jpg
data/preproc_2653.jpg
data/preproc_2654.jpg
data/preproc_2655.jpg
data/preproc_2656.jpg
data/preproc_2657.jpg
data/preproc_2658.jpg
data/preproc_2659.jpg
data/preproc_2660.jpg
data/preproc_2661.jpg
data/preproc_2662.jpg
data/preproc_2663.jpg
data/preproc_2664.jpg
data/preproc_2665.jpg
data/preproc_2666.jpg
data/preproc_2667.jpg
data/preproc_2668.jpg
data/preproc_2669.jpg
data/preproc_2670.jpg
data/preproc_2671.jpg
data/preproc_2672.jpg
data/preproc_2673.jpg
data/preproc_2674.jpg
data/preproc_2675.jpg
data/preproc_2676.jpg
data/preproc_2677.jpg
data/preproc_2678.jpg
data/preproc_2679.jpg
data/preproc_2680.jpg
data/preproc_2681.jpg
data/preproc_2682.jpg
data/preproc_2683.jpg
data/preproc_2684.jpg
data/preproc_2685.jpg
data/preproc_2686.jpg
data/preproc_2687.jpg
data/preproc_2688.jpg
data/preproc_2689.jpg
data/preproc_2690.jpg
data/preproc_2691.jpg
data/preproc_2692.jpg
data/preproc_2693.jpg
data/preproc_2694.jpg
data/preproc_2695.jpg
data/preproc_2696.jpg
data/preproc_2697.jpg
data/preproc_2698.jpg
data/preproc_2699.jpg
data/preproc_2700.jpg
data/preproc_2701.jpg
data/preproc_2702.jpg
data/preproc_2703.jpg
data/preproc_2704.jpg
data/preproc_2705.jpg
data/preproc_2706.jpg
data/preproc_2707.jpg
data/preproc_2708.jpg
data/preproc_2709.jpg
data/preproc_2710.jpg
data/preproc_2711.jpg
data/preproc_2712.jpg
data/preproc_2713.jpg
data/preproc_2714.jpg
data/preproc_2715.jpg
data/preproc_2716.jpg
data/preproc_2717.jpg
data/preproc_2718.jpg
data/preproc_2719.jpg
data/preproc_2720.jpg
data/preproc_2721.jpg
data/preproc_2722.jpg
data/preproc_2723.jpg
data/preproc_2724.jpg
data/preproc_2725.jpg
data/preproc_2726.jpg
data/preproc_2727.jpg
data/preproc_2728.jpg
data/preproc_2729.jpg
data/preproc_2730.jpg
data/preproc_2731.jpg
data/preproc_2732.jpg
data/preproc_2733.jpg
data/preproc_2734.jpg
data/preproc_2735.jpg
data/preproc_2736.jpg
data/preproc_2737.jpg
data/preproc_2738.jpg
data/preproc_2739.jpg
data/preproc_2740.jpg
data/preproc_2741.jpg
data/preproc_2742.jpg
data/preproc_2743.jpg
data/preproc_2744.jpg
data/preproc_2745.jpg
data/preproc_2746.jpg
data/preproc_2747.jpg
data/preproc_2748.jpg
data/preproc_2749.jpg
data/preproc_2750.jpg
data/preproc_2751.jpg
data/preproc_2752.jpg
data/preproc_2753.jpg
data/preproc_2754.jpg
data/preproc_2755.jpg
data/preproc_2756.jpg
data/preproc_2757.jpg
data/preproc_2758.jpg
data/preproc_2759.jpg
data/preproc_2760.jpg
data/preproc_2761.jpg
data/preproc_2762.jpg
data/preproc_2763.jpg
data/preproc_2764.jpg
data/preproc_2765.jpg
data/preproc_2766.jpg
data/preproc_2767.jpg
data/preproc_2768.jpg
data/preproc_2769.jpg
data/preproc_2770.jpg
data/preproc_2771.jpg
data/preproc_2772.jpg
data/preproc_2773.jpg
data/preproc_2774.jpg
data/preproc_2775.jpg
data/preproc_2776.jpg
data/preproc_2777.jpg
data/preproc_2778.jpg
data/preproc_2779.jpg
data/preproc_2780.jpg
data/preproc_2781.jpg
data/preproc_2782.jpg
data/preproc_2783.jpg
data/preproc_2784.jpg
data/preproc_2785.jpg
data/preproc_2786.jpg
data/preproc_2787.jpg
data/preproc_2788.jpg
data/preproc_2789.jpg
data/preproc_2790.jpg
data/preproc_2791.jpg
data/preproc_2792.jpg
data/preproc_2793.jpg
data/preproc_2794.jpg
data/preproc_2795.jpg
data/preproc_2796.jpg
data/preproc_2797.jpg
data/preproc_2798.jpg
data/preproc_2799.jpg
data/preproc_2800.jpg
data/preproc_2801.jpg
data/preproc_2802.jpg
data/preproc_2803.jpg
data/preproc_2804.jpg
data/preproc_2805.jpg
data/preproc_2806.jpg
data/preproc_2807.jpg
data/preproc_2808.jpg
data/preproc_2809.jpg
data/preproc_2810.jpg
data/preproc_2811.jpg
data/preproc_2812.jpg
data/preproc_2813.jpg
data/preproc_2814.jpg
data/preproc_2815.jpg
data/preproc_2816.jpg
data/preproc_2817.jpg
data/preproc_2818.jpg
data/preproc_2819.jpg
data/preproc_2820.jpg
data/preproc_2821.jpg
data/preproc_2822.jpg
data/preproc_2823.jpg
data/preproc_2824.jpg
data/preproc_2825.jpg
data/preproc_2826.jpg
data/preproc_2827.jpg
data/preproc_2828.jpg
data/preproc_2829.jpg
data/preproc_2830.jpg
data/preproc_2831.jpg
data/preproc_2832.jpg
data/preproc_2833.jpg
data/preproc_2834.jpg
data/preproc_2835.jpg
data/preproc_2836.jpg
data/preproc_2837.jpg
data/preproc_2838.jpg
data/preproc_2839.jpg
data/preproc_2840.jpg
data/preproc_2841.jpg
data/preproc_2842.jpg
data/preproc_2843.jpg
data/preproc_2844.jpg
data/preproc_2845.jpg
data/preproc_2846.jpg
data/preproc_2847.jpg
data/preproc_2848.jpg
data/preproc_2849.jpg
data/preproc_2850.jpg
data/preproc_2851.jpg
data/preproc_2852.jpg
data/preproc_2853.jpg
data/preproc_2854.jpg
data/preproc_2855.jpg
data/preproc_2856.jpg
data/preproc_2857.jpg
data/preproc_2858.jpg
data/preproc_2859.jpg
data/preproc_2860.jpg
data/preproc_2861.jpg
data/preproc_2862.jpg
data/preproc_2863.jpg
data/preproc_2864.jpg
data/preproc_2865.jpg
data/preproc_2866.jpg
data/preproc_2867.jpg
data/preproc_2868.jpg
data/preproc_2869.jpg
data/preproc_2870.jpg
data/preproc_2871.jpg
data/preproc_2872.jpg
data/preproc_2873.jpg
data/preproc_2874.jpg
data/preproc_2875.jpg
data/preproc_2876.jpg
data/preproc_2877.jpg
data/preproc_2878.jpg
data/preproc_2879.jpg
data/preproc_2880.jpg
data/preproc_2881.jpg
data/preproc_2882.jpg
data/preproc_2883.jpg
data/preproc_2884.jpg
data/preproc_2885.jpg
data/preproc_2886.jpg
data/preproc_2887.jpg
data/preproc_2888.jpg
data/preproc_2889.jpg
data/preproc_2890.jpg
data/preproc_2891.jpg
data/preproc_2892.jpg
data/preproc_2893.jpg
data/preproc_2894.jpg
data/preproc_2895.jpg
data/preproc_2896.jpg
data/preproc_2897.jpg
data/preproc_2898.jpg
data/preproc_2899.jpg
data/preproc_2900.jpg
data/preproc_2901.jpg
data/preproc_2902.jpg
data/preproc_2903.jpg
data/preproc_2904.jpg
data/preproc_2905.jpg
data/preproc_2906.jpg
data/preproc_2907.jpg
data/preproc_2908.jpg
data/preproc_2909.jpg
data/preproc_2910.jpg
data/preproc_2911.jpg
data/preproc_2912.jpg
data/preproc_2913.jpg
data/preproc_2914.jpg
